// Jest Snapshot v1, https://goo.gl/fbAQLP

exports[`Login Screen test form check 1`] = `
<div
  id="login"
>
  <topHeader />
  <div
    className="form"
  >
    <form
      onSubmit={[Function]}
      style={
        Object {
          "padding": "20px",
          "width": "30%",
        }
      }
    >
      <div
        className="form-group"
      >
        <label>
          Email address:
        </label>
        <input
          className="form-control"
          id="email"
          required={true}
          type="email"
        />
      </div>
      <div
        className="form-group"
      >
        <label>
          Password:
        </label>
        <input
          className="form-control"
          id="password"
          required={true}
          type="password"
        />
      </div>
      <button
        className="btn btn-default"
        type="submit"
      >
        Submit
      </button>
    </form>
  </div>
</div>
`;
